
> vidyaranyapura-mutt@0.1.0 build
> next build

Γû▓ Next.js 16.1.6 (Turbopack)
- Environments: .env.local

  Creating an optimized production build ...
Γ£ô Compiled successfully in 12.4s
  Running TypeScript ...
npm : Failed to compile.
At line:1 char:1
+ npm run build > build_output.txt 2>&1
+ ~~~~~~~~~~~~~~~~~~~~~~~~~~~~~~~~~~~~~
    + CategoryInfo          : NotSpecified: (Failed  
   to compile.:String) [], RemoteException
    + FullyQualifiedErrorId : NativeCommandError
 

./src/components/dashboard/Sidebar.tsx:99:23
Type error: Property 'highlight' does not exist on 
type '{ name: string; href: string; icon: 
ForwardRefExoticComponent<Omit<LucideProps, "ref"> & 
RefAttributes<SVGSVGElement>>; }'.

[0m [90m  97 |[39m                 
[33m<[39m[33mIcon[39m 
size[33m=[39m{[35m20[39m} 
className[33m=[39m{isActive [33m?[39m 
[32m'text-amber-400'[39m [33m:[39m 
[32m'text-emerald-300 
group-hover:text-amber-300'[39m} 
[33m/[39m[33m>[39m
 [90m  98 |[39m                 [33m<[39m[33mspa
n[39m[33m>[39m{link[33m.[39mname}[33m<[39m[33
m/[39m[33mspan[39m[33m>[39m
[31m[1m>[22m[39m[90m  99 |[39m                 
{link[33m.[39mhighlight [33m&&[39m (
 [90m     |[39m                       
[31m[1m^[22m[39m
 [90m 100 |[39m                   
[33m<[39m[33mspan[39m 
className[33m=[39m[32m"ml-auto bg-red-500 
text-white text-[10px] font-bold px-2 py-0.5 
rounded-full uppercase tracking-wider animate-pulse 
shadow-sm"[39m[33m>[39m
 [90m 101 |[39m                     [33mLive[39m
 [90m 102 |[39m                   
[33m<[39m[33m/[39m[33mspan[39m[33m>[39m[0m
Next.js build worker exited with code: 1 and signal: 
null
